*** EVALUATION ***
PROGRAM "C:\Documents and Settings\Owner\Desktop\SYNC\Other Projects\Project 7.0.1 - MENU INTERFACE - STABLE\bin\Project.abs"

*********************************************************************************************
TARGET SECTION
---------------------------------------------------------------------------------------------
Processor   : Freescale HC12
Memory Model: SMALL
File Format : ELF\DWARF 2.0
Linker      : SmartLinker V-5.0.36 Build 9056, Feb 26 2009

*********************************************************************************************
FILE SECTION
---------------------------------------------------------------------------------------------
mc9s12xd256.c.o                         Model: SMALL,         Lang: ANSI-C
Start12.c.o                             Model: SMALL,         Lang: ANSI-C
FADD.C.o (ansixs.lib)                   Model: SMALL,         Lang: ANSI-C
FCMP.C.o (ansixs.lib)                   Model: SMALL,         Lang: ANSI-C
FCONV.C.o (ansixs.lib)                  Model: SMALL,         Lang: ANSI-C
FMUL.C.o (ansixs.lib)                   Model: SMALL,         Lang: ANSI-C
FREGS.C.o (ansixs.lib)                  Model: SMALL,         Lang: ANSI-C
rtshc12.c.o (ansixs.lib)                Model: SMALL,         Lang: ANSI-C
VREGS.C.o (ansixs.lib)                  Model: SMALL,         Lang: ANSI-C
main.c.o                                Model: SMALL,         Lang: ANSI-C

*********************************************************************************************
STARTUP SECTION
---------------------------------------------------------------------------------------------
Entry point: 0xC029 (_Startup)
_startupData is allocated at 0xC031 and uses 6 Bytes
extern struct _tagStartup {
  unsigned nofZeroOut     1
  _Range   pZeroOut       0x2100     74
  _Copy    *toCopyDownBeg 0xC97D
} _startupData;

*********************************************************************************************
SECTION-ALLOCATION SECTION
Section Name                    Size  Type     From       To       Segment
---------------------------------------------------------------------------------------------
.init                             49     R     0xC000     0xC030   ROM_C000
.startData                        18     R     0xC031     0xC042   ROM_C000
.text                           1750     R     0xC043     0xC718   ROM_C000
.copy                             55     R     0xC97D     0xC9B3   ROM_C000
.stack                           256   R/W     0x2000     0x20FF   RAM
.data                             49   R/W     0x2100     0x2130   RAM
.abs_section_8                     1   N/I        0x8        0x8   .absSeg0
.abs_section_9                     1   N/I        0x9        0x9   .absSeg1
.abs_section_a                     1   N/I        0xA        0xA   .absSeg2
.abs_section_b                     1   N/I        0xB        0xB   .absSeg3
.abs_section_c                     1   N/I        0xC        0xC   .absSeg4
.abs_section_d                     1   N/I        0xD        0xD   .absSeg5
.abs_section_e                     1   N/I        0xE        0xE   .absSeg6
.abs_section_f                     1   N/I        0xF        0xF   .absSeg7
.abs_section_10                    1   N/I       0x10       0x10   .absSeg8
.abs_section_11                    1   N/I       0x11       0x11   .absSeg9
.abs_section_13                    1   N/I       0x13       0x13   .absSeg10
.abs_section_16                    1   N/I       0x16       0x16   .absSeg11
.abs_section_17                    1   N/I       0x17       0x17   .absSeg12
.abs_section_1c                    1   N/I       0x1C       0x1C   .absSeg13
.abs_section_1e                    1   N/I       0x1E       0x1E   .absSeg14
.abs_section_20                    1   N/I       0x20       0x20   .absSeg15
.abs_section_21                    1   N/I       0x21       0x21   .absSeg16
.abs_section_22                    1   N/I       0x22       0x22   .absSeg17
.abs_section_23                    1   N/I       0x23       0x23   .absSeg18
.abs_section_26                    1   N/I       0x26       0x26   .absSeg19
.abs_section_27                    1   N/I       0x27       0x27   .absSeg20
.abs_section_28                    1   N/I       0x28       0x28   .absSeg21
.abs_section_29                    1   N/I       0x29       0x29   .absSeg22
.abs_section_2a                    1   N/I       0x2A       0x2A   .absSeg23
.abs_section_2b                    1   N/I       0x2B       0x2B   .absSeg24
.abs_section_2c                    1   N/I       0x2C       0x2C   .absSeg25
.abs_section_2d                    1   N/I       0x2D       0x2D   .absSeg26
.abs_section_2e                    1   N/I       0x2E       0x2E   .absSeg27
.abs_section_2f                    1   N/I       0x2F       0x2F   .absSeg28
.abs_section_30                    1   N/I       0x30       0x30   .absSeg29
.abs_section_32                    1   N/I       0x32       0x32   .absSeg30
.abs_section_33                    1   N/I       0x33       0x33   .absSeg31
.abs_section_34                    1   N/I       0x34       0x34   .absSeg32
.abs_section_35                    1   N/I       0x35       0x35   .absSeg33
.abs_section_37                    1   N/I       0x37       0x37   .absSeg34
.abs_section_38                    1   N/I       0x38       0x38   .absSeg35
.abs_section_39                    1   N/I       0x39       0x39   .absSeg36
.abs_section_3a                    1   N/I       0x3A       0x3A   .absSeg37
.abs_section_3b                    1   N/I       0x3B       0x3B   .absSeg38
.abs_section_3c                    1   N/I       0x3C       0x3C   .absSeg39
.abs_section_3f                    1   N/I       0x3F       0x3F   .absSeg40
.abs_section_40                    1   N/I       0x40       0x40   .absSeg41
.abs_section_41                    1   N/I       0x41       0x41   .absSeg42
.abs_section_42                    1   N/I       0x42       0x42   .absSeg43
.abs_section_43                    1   N/I       0x43       0x43   .absSeg44
.abs_section_46                    1   N/I       0x46       0x46   .absSeg45
.abs_section_47                    1   N/I       0x47       0x47   .absSeg46
.abs_section_48                    1   N/I       0x48       0x48   .absSeg47
.abs_section_49                    1   N/I       0x49       0x49   .absSeg48
.abs_section_4a                    1   N/I       0x4A       0x4A   .absSeg49
.abs_section_4b                    1   N/I       0x4B       0x4B   .absSeg50
.abs_section_4c                    1   N/I       0x4C       0x4C   .absSeg51
.abs_section_4d                    1   N/I       0x4D       0x4D   .absSeg52
.abs_section_4e                    1   N/I       0x4E       0x4E   .absSeg53
.abs_section_4f                    1   N/I       0x4F       0x4F   .absSeg54
.abs_section_60                    1   N/I       0x60       0x60   .absSeg55
.abs_section_61                    1   N/I       0x61       0x61   .absSeg56
.abs_section_66                    1   N/I       0x66       0x66   .absSeg57
.abs_section_67                    1   N/I       0x67       0x67   .absSeg58
.abs_section_68                    1   N/I       0x68       0x68   .absSeg59
.abs_section_69                    1   N/I       0x69       0x69   .absSeg60
.abs_section_6a                    1   N/I       0x6A       0x6A   .absSeg61
.abs_section_6b                    1   N/I       0x6B       0x6B   .absSeg62
.abs_section_6e                    1   N/I       0x6E       0x6E   .absSeg63
.abs_section_6f                    1   N/I       0x6F       0x6F   .absSeg64
.abs_section_70                    1   N/I       0x70       0x70   .absSeg65
.abs_section_71                    1   N/I       0x71       0x71   .absSeg66
.abs_section_86                    1   N/I       0x86       0x86   .absSeg67
.abs_section_89                    1   N/I       0x89       0x89   .absSeg68
.abs_section_8a                    1   N/I       0x8A       0x8A   .absSeg69
.abs_section_8b                    1   N/I       0x8B       0x8B   .absSeg70
.abs_section_ba                    1   N/I       0xBA       0xBA   .absSeg71
.abs_section_bb                    1   N/I       0xBB       0xBB   .absSeg72
.abs_section_bc                    1   N/I       0xBC       0xBC   .absSeg73
.abs_section_bd                    1   N/I       0xBD       0xBD   .absSeg74
.abs_section_be                    1   N/I       0xBE       0xBE   .absSeg75
.abs_section_bf                    1   N/I       0xBF       0xBF   .absSeg76
.abs_section_ca                    1   N/I       0xCA       0xCA   .absSeg77
.abs_section_cb                    1   N/I       0xCB       0xCB   .absSeg78
.abs_section_cc                    1   N/I       0xCC       0xCC   .absSeg79
.abs_section_cd                    1   N/I       0xCD       0xCD   .absSeg80
.abs_section_ce                    1   N/I       0xCE       0xCE   .absSeg81
.abs_section_cf                    1   N/I       0xCF       0xCF   .absSeg82
.abs_section_d2                    1   N/I       0xD2       0xD2   .absSeg83
.abs_section_d3                    1   N/I       0xD3       0xD3   .absSeg84
.abs_section_d4                    1   N/I       0xD4       0xD4   .absSeg85
.abs_section_d5                    1   N/I       0xD5       0xD5   .absSeg86
.abs_section_d6                    1   N/I       0xD6       0xD6   .absSeg87
.abs_section_d7                    1   N/I       0xD7       0xD7   .absSeg88
.abs_section_d8                    1   N/I       0xD8       0xD8   .absSeg89
.abs_section_d9                    1   N/I       0xD9       0xD9   .absSeg90
.abs_section_da                    1   N/I       0xDA       0xDA   .absSeg91
.abs_section_db                    1   N/I       0xDB       0xDB   .absSeg92
.abs_section_dd                    1   N/I       0xDD       0xDD   .absSeg93
.abs_section_e0                    1   N/I       0xE0       0xE0   .absSeg94
.abs_section_e1                    1   N/I       0xE1       0xE1   .absSeg95
.abs_section_e2                    1   N/I       0xE2       0xE2   .absSeg96
.abs_section_e3                    1   N/I       0xE3       0xE3   .absSeg97
.abs_section_e4                    1   N/I       0xE4       0xE4   .absSeg98
.abs_section_f0                    1   N/I       0xF0       0xF0   .absSeg99
.abs_section_f1                    1   N/I       0xF1       0xF1   .absSeg100
.abs_section_f2                    1   N/I       0xF2       0xF2   .absSeg101
.abs_section_f3                    1   N/I       0xF3       0xF3   .absSeg102
.abs_section_f5                    1   N/I       0xF5       0xF5   .absSeg103
.abs_section_f8                    1   N/I       0xF8       0xF8   .absSeg104
.abs_section_f9                    1   N/I       0xF9       0xF9   .absSeg105
.abs_section_fa                    1   N/I       0xFA       0xFA   .absSeg106
.abs_section_fb                    1   N/I       0xFB       0xFB   .absSeg107
.abs_section_fd                    1   N/I       0xFD       0xFD   .absSeg108
.abs_section_100                   1   N/I      0x100      0x100   .absSeg109
.abs_section_101                   1   N/I      0x101      0x101   .absSeg110
.abs_section_102                   1   N/I      0x102      0x102   .absSeg111
.abs_section_103                   1   N/I      0x103      0x103   .absSeg112
.abs_section_104                   1   N/I      0x104      0x104   .absSeg113
.abs_section_105                   1   N/I      0x105      0x105   .absSeg114
.abs_section_106                   1   N/I      0x106      0x106   .absSeg115
.abs_section_107                   1   N/I      0x107      0x107   .absSeg116
.abs_section_110                   1   N/I      0x110      0x110   .absSeg117
.abs_section_113                   1   N/I      0x113      0x113   .absSeg118
.abs_section_114                   1   N/I      0x114      0x114   .absSeg119
.abs_section_115                   1   N/I      0x115      0x115   .absSeg120
.abs_section_116                   1   N/I      0x116      0x116   .absSeg121
.abs_section_11c                   1   N/I      0x11C      0x11C   .absSeg122
.abs_section_11d                   1   N/I      0x11D      0x11D   .absSeg123
.abs_section_11e                   1   N/I      0x11E      0x11E   .absSeg124
.abs_section_11f                   1   N/I      0x11F      0x11F   .absSeg125
.abs_section_121                   1   N/I      0x121      0x121   .absSeg126
.abs_section_126                   1   N/I      0x126      0x126   .absSeg127
.abs_section_127                   1   N/I      0x127      0x127   .absSeg128
.abs_section_128                   1   N/I      0x128      0x128   .absSeg129
.abs_section_129                   1   N/I      0x129      0x129   .absSeg130
.abs_section_12a                   1   N/I      0x12A      0x12A   .absSeg131
.abs_section_12b                   1   N/I      0x12B      0x12B   .absSeg132
.abs_section_12c                   1   N/I      0x12C      0x12C   .absSeg133
.abs_section_12d                   1   N/I      0x12D      0x12D   .absSeg134
.abs_section_12e                   1   N/I      0x12E      0x12E   .absSeg135
.abs_section_12f                   1   N/I      0x12F      0x12F   .absSeg136
.abs_section_132                   1   N/I      0x132      0x132   .absSeg137
.abs_section_133                   1   N/I      0x133      0x133   .absSeg138
.abs_section_134                   1   N/I      0x134      0x134   .absSeg139
.abs_section_135                   1   N/I      0x135      0x135   .absSeg140
.abs_section_136                   1   N/I      0x136      0x136   .absSeg141
.abs_section_137                   1   N/I      0x137      0x137   .absSeg142
.abs_section_140                   1   N/I      0x140      0x140   .absSeg143
.abs_section_141                   1   N/I      0x141      0x141   .absSeg144
.abs_section_142                   1   N/I      0x142      0x142   .absSeg145
.abs_section_143                   1   N/I      0x143      0x143   .absSeg146
.abs_section_144                   1   N/I      0x144      0x144   .absSeg147
.abs_section_145                   1   N/I      0x145      0x145   .absSeg148
.abs_section_146                   1   N/I      0x146      0x146   .absSeg149
.abs_section_147                   1   N/I      0x147      0x147   .absSeg150
.abs_section_148                   1   N/I      0x148      0x148   .absSeg151
.abs_section_149                   1   N/I      0x149      0x149   .absSeg152
.abs_section_14a                   1   N/I      0x14A      0x14A   .absSeg153
.abs_section_14b                   1   N/I      0x14B      0x14B   .absSeg154
.abs_section_14d                   1   N/I      0x14D      0x14D   .absSeg155
.abs_section_14e                   1   N/I      0x14E      0x14E   .absSeg156
.abs_section_14f                   1   N/I      0x14F      0x14F   .absSeg157
.abs_section_150                   1   N/I      0x150      0x150   .absSeg158
.abs_section_151                   1   N/I      0x151      0x151   .absSeg159
.abs_section_152                   1   N/I      0x152      0x152   .absSeg160
.abs_section_153                   1   N/I      0x153      0x153   .absSeg161
.abs_section_154                   1   N/I      0x154      0x154   .absSeg162
.abs_section_155                   1   N/I      0x155      0x155   .absSeg163
.abs_section_156                   1   N/I      0x156      0x156   .absSeg164
.abs_section_157                   1   N/I      0x157      0x157   .absSeg165
.abs_section_158                   1   N/I      0x158      0x158   .absSeg166
.abs_section_159                   1   N/I      0x159      0x159   .absSeg167
.abs_section_15a                   1   N/I      0x15A      0x15A   .absSeg168
.abs_section_15b                   1   N/I      0x15B      0x15B   .absSeg169
.abs_section_15c                   1   N/I      0x15C      0x15C   .absSeg170
.abs_section_15d                   1   N/I      0x15D      0x15D   .absSeg171
.abs_section_15e                   1   N/I      0x15E      0x15E   .absSeg172
.abs_section_15f                   1   N/I      0x15F      0x15F   .absSeg173
.abs_section_160                   1   N/I      0x160      0x160   .absSeg174
.abs_section_161                   1   N/I      0x161      0x161   .absSeg175
.abs_section_162                   1   N/I      0x162      0x162   .absSeg176
.abs_section_163                   1   N/I      0x163      0x163   .absSeg177
.abs_section_164                   1   N/I      0x164      0x164   .absSeg178
.abs_section_165                   1   N/I      0x165      0x165   .absSeg179
.abs_section_166                   1   N/I      0x166      0x166   .absSeg180
.abs_section_167                   1   N/I      0x167      0x167   .absSeg181
.abs_section_168                   1   N/I      0x168      0x168   .absSeg182
.abs_section_169                   1   N/I      0x169      0x169   .absSeg183
.abs_section_16a                   1   N/I      0x16A      0x16A   .absSeg184
.abs_section_16b                   1   N/I      0x16B      0x16B   .absSeg185
.abs_section_16c                   1   N/I      0x16C      0x16C   .absSeg186
.abs_section_170                   1   N/I      0x170      0x170   .absSeg187
.abs_section_171                   1   N/I      0x171      0x171   .absSeg188
.abs_section_172                   1   N/I      0x172      0x172   .absSeg189
.abs_section_173                   1   N/I      0x173      0x173   .absSeg190
.abs_section_174                   1   N/I      0x174      0x174   .absSeg191
.abs_section_175                   1   N/I      0x175      0x175   .absSeg192
.abs_section_176                   1   N/I      0x176      0x176   .absSeg193
.abs_section_177                   1   N/I      0x177      0x177   .absSeg194
.abs_section_178                   1   N/I      0x178      0x178   .absSeg195
.abs_section_179                   1   N/I      0x179      0x179   .absSeg196
.abs_section_17a                   1   N/I      0x17A      0x17A   .absSeg197
.abs_section_17b                   1   N/I      0x17B      0x17B   .absSeg198
.abs_section_17c                   1   N/I      0x17C      0x17C   .absSeg199
.abs_section_17d                   1   N/I      0x17D      0x17D   .absSeg200
.abs_section_240                   1   N/I      0x240      0x240   .absSeg201
.abs_section_241                   1   N/I      0x241      0x241   .absSeg202
.abs_section_242                   1   N/I      0x242      0x242   .absSeg203
.abs_section_243                   1   N/I      0x243      0x243   .absSeg204
.abs_section_244                   1   N/I      0x244      0x244   .absSeg205
.abs_section_245                   1   N/I      0x245      0x245   .absSeg206
.abs_section_248                   1   N/I      0x248      0x248   .absSeg207
.abs_section_249                   1   N/I      0x249      0x249   .absSeg208
.abs_section_24a                   1   N/I      0x24A      0x24A   .absSeg209
.abs_section_24b                   1   N/I      0x24B      0x24B   .absSeg210
.abs_section_24c                   1   N/I      0x24C      0x24C   .absSeg211
.abs_section_24d                   1   N/I      0x24D      0x24D   .absSeg212
.abs_section_24e                   1   N/I      0x24E      0x24E   .absSeg213
.abs_section_250                   1   N/I      0x250      0x250   .absSeg214
.abs_section_251                   1   N/I      0x251      0x251   .absSeg215
.abs_section_252                   1   N/I      0x252      0x252   .absSeg216
.abs_section_253                   1   N/I      0x253      0x253   .absSeg217
.abs_section_254                   1   N/I      0x254      0x254   .absSeg218
.abs_section_255                   1   N/I      0x255      0x255   .absSeg219
.abs_section_256                   1   N/I      0x256      0x256   .absSeg220
.abs_section_257                   1   N/I      0x257      0x257   .absSeg221
.abs_section_258                   1   N/I      0x258      0x258   .absSeg222
.abs_section_259                   1   N/I      0x259      0x259   .absSeg223
.abs_section_25a                   1   N/I      0x25A      0x25A   .absSeg224
.abs_section_25b                   1   N/I      0x25B      0x25B   .absSeg225
.abs_section_25c                   1   N/I      0x25C      0x25C   .absSeg226
.abs_section_25d                   1   N/I      0x25D      0x25D   .absSeg227
.abs_section_25e                   1   N/I      0x25E      0x25E   .absSeg228
.abs_section_25f                   1   N/I      0x25F      0x25F   .absSeg229
.abs_section_260                   1   N/I      0x260      0x260   .absSeg230
.abs_section_261                   1   N/I      0x261      0x261   .absSeg231
.abs_section_262                   1   N/I      0x262      0x262   .absSeg232
.abs_section_263                   1   N/I      0x263      0x263   .absSeg233
.abs_section_264                   1   N/I      0x264      0x264   .absSeg234
.abs_section_265                   1   N/I      0x265      0x265   .absSeg235
.abs_section_266                   1   N/I      0x266      0x266   .absSeg236
.abs_section_267                   1   N/I      0x267      0x267   .absSeg237
.abs_section_268                   1   N/I      0x268      0x268   .absSeg238
.abs_section_269                   1   N/I      0x269      0x269   .absSeg239
.abs_section_26a                   1   N/I      0x26A      0x26A   .absSeg240
.abs_section_26b                   1   N/I      0x26B      0x26B   .absSeg241
.abs_section_26c                   1   N/I      0x26C      0x26C   .absSeg242
.abs_section_26d                   1   N/I      0x26D      0x26D   .absSeg243
.abs_section_26e                   1   N/I      0x26E      0x26E   .absSeg244
.abs_section_26f                   1   N/I      0x26F      0x26F   .absSeg245
.abs_section_271                   1   N/I      0x271      0x271   .absSeg246
.abs_section_273                   1   N/I      0x273      0x273   .absSeg247
.abs_section_275                   1   N/I      0x275      0x275   .absSeg248
.abs_section_277                   1   N/I      0x277      0x277   .absSeg249
.abs_section_2c6                   1   N/I      0x2C6      0x2C6   .absSeg250
.abs_section_2c9                   1   N/I      0x2C9      0x2C9   .absSeg251
.abs_section_2cb                   1   N/I      0x2CB      0x2CB   .absSeg252
.abs_section_2cd                   1   N/I      0x2CD      0x2CD   .absSeg253
.abs_section_2cf                   1   N/I      0x2CF      0x2CF   .absSeg254
.abs_section_2f1                   1   N/I      0x2F1      0x2F1   .absSeg255
.abs_section_2f2                   1   N/I      0x2F2      0x2F2   .absSeg256
.abs_section_2f3                   1   N/I      0x2F3      0x2F3   .absSeg257
.abs_section_300                   1   N/I      0x300      0x300   .absSeg258
.abs_section_301                   1   N/I      0x301      0x301   .absSeg259
.abs_section_302                   1   N/I      0x302      0x302   .absSeg260
.abs_section_303                   1   N/I      0x303      0x303   .absSeg261
.abs_section_304                   1   N/I      0x304      0x304   .absSeg262
.abs_section_305                   1   N/I      0x305      0x305   .absSeg263
.abs_section_308                   1   N/I      0x308      0x308   .absSeg264
.abs_section_309                   1   N/I      0x309      0x309   .absSeg265
.abs_section_324                   1   N/I      0x324      0x324   .absSeg266
.abs_section_340                   1   N/I      0x340      0x340   .absSeg267
.abs_section_341                   1   N/I      0x341      0x341   .absSeg268
.abs_section_342                   1   N/I      0x342      0x342   .absSeg269
.abs_section_343                   1   N/I      0x343      0x343   .absSeg270
.abs_section_344                   1   N/I      0x344      0x344   .absSeg271
.abs_section_345                   1   N/I      0x345      0x345   .absSeg272
.abs_section_346                   1   N/I      0x346      0x346   .absSeg273
.abs_section_347                   1   N/I      0x347      0x347   .absSeg274
.abs_section_382                   1   N/I      0x382      0x382   .absSeg275
.abs_section_39d                   1   N/I      0x39D      0x39D   .absSeg276
.abs_section_0                     2   N/I        0x0        0x1   .absSeg277
.abs_section_2                     2   N/I        0x2        0x3   .absSeg278
.abs_section_4                     2   N/I        0x4        0x5   .absSeg279
.abs_section_6                     2   N/I        0x6        0x7   .absSeg280
.abs_section_1a                    2   N/I       0x1A       0x1B   .absSeg281
.abs_section_24                    2   N/I       0x24       0x25   .absSeg282
.abs_section_44                    2   N/I       0x44       0x45   .absSeg283
.abs_section_50                    2   N/I       0x50       0x51   .absSeg284
.abs_section_52                    2   N/I       0x52       0x53   .absSeg285
.abs_section_54                    2   N/I       0x54       0x55   .absSeg286
.abs_section_56                    2   N/I       0x56       0x57   .absSeg287
.abs_section_58                    2   N/I       0x58       0x59   .absSeg288
.abs_section_5a                    2   N/I       0x5A       0x5B   .absSeg289
.abs_section_5c                    2   N/I       0x5C       0x5D   .absSeg290
.abs_section_5e                    2   N/I       0x5E       0x5F   .absSeg291
.abs_section_62                    2   N/I       0x62       0x63   .absSeg292
.abs_section_64                    2   N/I       0x64       0x65   .absSeg293
.abs_section_72                    2   N/I       0x72       0x73   .absSeg294
.abs_section_74                    2   N/I       0x74       0x75   .absSeg295
.abs_section_76                    2   N/I       0x76       0x77   .absSeg296
.abs_section_78                    2   N/I       0x78       0x79   .absSeg297
.abs_section_7a                    2   N/I       0x7A       0x7B   .absSeg298
.abs_section_7c                    2   N/I       0x7C       0x7D   .absSeg299
.abs_section_7e                    2   N/I       0x7E       0x7F   .absSeg300
.abs_section_80                    2   N/I       0x80       0x81   .absSeg301
.abs_section_82                    2   N/I       0x82       0x83   .absSeg302
.abs_section_84                    2   N/I       0x84       0x85   .absSeg303
.abs_section_8c                    2   N/I       0x8C       0x8D   .absSeg304
.abs_section_8e                    2   N/I       0x8E       0x8F   .absSeg305
.abs_section_90                    2   N/I       0x90       0x91   .absSeg306
.abs_section_92                    2   N/I       0x92       0x93   .absSeg307
.abs_section_94                    2   N/I       0x94       0x95   .absSeg308
.abs_section_96                    2   N/I       0x96       0x97   .absSeg309
.abs_section_98                    2   N/I       0x98       0x99   .absSeg310
.abs_section_9a                    2   N/I       0x9A       0x9B   .absSeg311
.abs_section_9c                    2   N/I       0x9C       0x9D   .absSeg312
.abs_section_9e                    2   N/I       0x9E       0x9F   .absSeg313
.abs_section_a0                    2   N/I       0xA0       0xA1   .absSeg314
.abs_section_a2                    2   N/I       0xA2       0xA3   .absSeg315
.abs_section_a4                    2   N/I       0xA4       0xA5   .absSeg316
.abs_section_a6                    2   N/I       0xA6       0xA7   .absSeg317
.abs_section_a8                    2   N/I       0xA8       0xA9   .absSeg318
.abs_section_aa                    2   N/I       0xAA       0xAB   .absSeg319
.abs_section_ac                    2   N/I       0xAC       0xAD   .absSeg320
.abs_section_ae                    2   N/I       0xAE       0xAF   .absSeg321
.abs_section_b8                    2   N/I       0xB8       0xB9   .absSeg322
.abs_section_c8                    2   N/I       0xC8       0xC9   .absSeg323
.abs_section_d0                    2   N/I       0xD0       0xD1   .absSeg324
.abs_section_108                   2   N/I      0x108      0x109   .absSeg325
.abs_section_10a                   2   N/I      0x10A      0x10B   .absSeg326
.abs_section_118                   2   N/I      0x118      0x119   .absSeg327
.abs_section_11a                   2   N/I      0x11A      0x11B   .absSeg328
.abs_section_130                   2   N/I      0x130      0x131   .absSeg329
.abs_section_16e                   2   N/I      0x16E      0x16F   .absSeg330
.abs_section_17e                   2   N/I      0x17E      0x17F   .absSeg331
.abs_section_278                   2   N/I      0x278      0x279   .absSeg332
.abs_section_27a                   2   N/I      0x27A      0x27B   .absSeg333
.abs_section_27c                   2   N/I      0x27C      0x27D   .absSeg334
.abs_section_27e                   2   N/I      0x27E      0x27F   .absSeg335
.abs_section_2c0                   2   N/I      0x2C0      0x2C1   .absSeg336
.abs_section_2c2                   2   N/I      0x2C2      0x2C3   .absSeg337
.abs_section_2c4                   2   N/I      0x2C4      0x2C5   .absSeg338
.abs_section_2d0                   2   N/I      0x2D0      0x2D1   .absSeg339
.abs_section_2d2                   2   N/I      0x2D2      0x2D3   .absSeg340
.abs_section_2d4                   2   N/I      0x2D4      0x2D5   .absSeg341
.abs_section_2d6                   2   N/I      0x2D6      0x2D7   .absSeg342
.abs_section_2d8                   2   N/I      0x2D8      0x2D9   .absSeg343
.abs_section_2da                   2   N/I      0x2DA      0x2DB   .absSeg344
.abs_section_2dc                   2   N/I      0x2DC      0x2DD   .absSeg345
.abs_section_2de                   2   N/I      0x2DE      0x2DF   .absSeg346
.abs_section_2f4                   2   N/I      0x2F4      0x2F5   .absSeg347
.abs_section_30c                   2   N/I      0x30C      0x30D   .absSeg348
.abs_section_30e                   2   N/I      0x30E      0x30F   .absSeg349
.abs_section_310                   2   N/I      0x310      0x311   .absSeg350
.abs_section_312                   2   N/I      0x312      0x313   .absSeg351
.abs_section_314                   2   N/I      0x314      0x315   .absSeg352
.abs_section_316                   2   N/I      0x316      0x317   .absSeg353
.abs_section_318                   2   N/I      0x318      0x319   .absSeg354
.abs_section_31a                   2   N/I      0x31A      0x31B   .absSeg355
.abs_section_31c                   2   N/I      0x31C      0x31D   .absSeg356
.abs_section_31e                   2   N/I      0x31E      0x31F   .absSeg357
.abs_section_320                   2   N/I      0x320      0x321   .absSeg358
.abs_section_322                   2   N/I      0x322      0x323   .absSeg359
.abs_section_348                   2   N/I      0x348      0x349   .absSeg360
.abs_section_34a                   2   N/I      0x34A      0x34B   .absSeg361
.abs_section_34c                   2   N/I      0x34C      0x34D   .absSeg362
.abs_section_34e                   2   N/I      0x34E      0x34F   .absSeg363
.abs_section_350                   2   N/I      0x350      0x351   .absSeg364
.abs_section_352                   2   N/I      0x352      0x353   .absSeg365
.abs_section_354                   2   N/I      0x354      0x355   .absSeg366
.abs_section_356                   2   N/I      0x356      0x357   .absSeg367
.abs_section_380                   2   N/I      0x380      0x381   .absSeg368
.abs_section_386                   2   N/I      0x386      0x387   .absSeg369
.abs_section_388                   2   N/I      0x388      0x389   .absSeg370
.abs_section_38a                   2   N/I      0x38A      0x38B   .absSeg371
.abs_section_38c                   2   N/I      0x38C      0x38D   .absSeg372
.abs_section_38e                   2   N/I      0x38E      0x38F   .absSeg373
.abs_section_390                   2   N/I      0x390      0x391   .absSeg374
.abs_section_392                   2   N/I      0x392      0x393   .absSeg375
.abs_section_394                   2   N/I      0x394      0x395   .absSeg376
.abs_section_396                   2   N/I      0x396      0x397   .absSeg377
.abs_section_398                   2   N/I      0x398      0x399   .absSeg378
.abs_section_39a                   2   N/I      0x39A      0x39B   .absSeg379
.abs_section_39e                   2   N/I      0x39E      0x39F   .absSeg380
.abs_section_3a2                   2   N/I      0x3A2      0x3A3   .absSeg381
.abs_section_3a4                   2   N/I      0x3A4      0x3A5   .absSeg382
.abs_section_3a6                   2   N/I      0x3A6      0x3A7   .absSeg383
.abs_section_3a8                   2   N/I      0x3A8      0x3A9   .absSeg384
.abs_section_3aa                   2   N/I      0x3AA      0x3AB   .absSeg385
.abs_section_3ac                   2   N/I      0x3AC      0x3AD   .absSeg386
.abs_section_3ae                   2   N/I      0x3AE      0x3AF   .absSeg387
.abs_section_ff10                234     R     0xFF10     0xFFF9   .absSeg388
.bss                              17   R/W     0x2131     0x2141   RAM
RUNTIME                          612     R     0xC719     0xC97C   ROM_C000
.common                            8   R/W     0x2142     0x2149   RAM
.vectSeg389_vect                   2     R     0xFFFE     0xFFFF   .vectSeg389

Summary of section sizes per section type:
READ_ONLY (R):         AA0 (dec:     2720)
READ_WRITE (R/W):      14A (dec:      330)
NO_INIT (N/I):         1F3 (dec:      499)

*********************************************************************************************
VECTOR-ALLOCATION SECTION
    Address     InitValue   InitFunction
---------------------------------------------------------------------------------------------
     0xFFFE        0xC029   _Startup

*********************************************************************************************
OBJECT-ALLOCATION SECTION
     Name               Module                 Addr   hSize   dSize     Ref    Section   RLIB
---------------------------------------------------------------------------------------------
MODULE:                 -- mc9s12xd256.c.o --
- PROCEDURES:
- VARIABLES:
     _PORTE                                       8       1       1       3   .abs_section_8
     _DDRE                                        9       1       1       2   .abs_section_9
     _MMCCTL0                                     A       1       1       0   .abs_section_a
     _MODE                                        B       1       1       0   .abs_section_b
     _PUCR                                        C       1       1       0   .abs_section_c
     _RDRIV                                       D       1       1       0   .abs_section_d
     _EBICTL0                                     E       1       1       0   .abs_section_e
     _EBICTL1                                     F       1       1       0   .abs_section_f
     _GPAGE                                      10       1       1       0   .abs_section_10
     _DIRECT                                     11       1       1       0   .abs_section_11
     _MMCCTL1                                    13       1       1       0   .abs_section_13
     _RPAGE                                      16       1       1       0   .abs_section_16
     _EPAGE                                      17       1       1       0   .abs_section_17
     _ECLKCTL                                    1C       1       1       0   .abs_section_1c
     _IRQCR                                      1E       1       1       1   .abs_section_1e
     _DBGC1                                      20       1       1       0   .abs_section_20
     _DBGSR                                      21       1       1       0   .abs_section_21
     _DBGTCR                                     22       1       1       0   .abs_section_22
     _DBGC2                                      23       1       1       0   .abs_section_23
     _DBGCNT                                     26       1       1       0   .abs_section_26
     _DBGSCRX                                    27       1       1       0   .abs_section_27
     _DBGXCTL                                    28       1       1       0   .abs_section_28
     _DBGXAH                                     29       1       1       0   .abs_section_29
     _DBGXAM                                     2A       1       1       0   .abs_section_2a
     _DBGXAL                                     2B       1       1       0   .abs_section_2b
     _DBGXDH                                     2C       1       1       0   .abs_section_2c
     _DBGXDL                                     2D       1       1       0   .abs_section_2d
     _DBGXDHM                                    2E       1       1       0   .abs_section_2e
     _DBGXDLM                                    2F       1       1       0   .abs_section_2f
     _PPAGE                                      30       1       1       0   .abs_section_30
     _PORTK                                      32       1       1       0   .abs_section_32
     _DDRK                                       33       1       1       0   .abs_section_33
     _SYNR                                       34       1       1       0   .abs_section_34
     _REFDV                                      35       1       1       0   .abs_section_35
     _CRGFLG                                     37       1       1       0   .abs_section_37
     _CRGINT                                     38       1       1       0   .abs_section_38
     _CLKSEL                                     39       1       1       0   .abs_section_39
     _PLLCTL                                     3A       1       1       0   .abs_section_3a
     _RTICTL                                     3B       1       1       0   .abs_section_3b
     _COPCTL                                     3C       1       1       0   .abs_section_3c
     _ARMCOP                                     3F       1       1       0   .abs_section_3f
     _TIOS                                       40       1       1       0   .abs_section_40
     _CFORC                                      41       1       1       0   .abs_section_41
     _OC7M                                       42       1       1       0   .abs_section_42
     _OC7D                                       43       1       1       0   .abs_section_43
     _TSCR1                                      46       1       1       0   .abs_section_46
     _TTOV                                       47       1       1       0   .abs_section_47
     _TCTL1                                      48       1       1       0   .abs_section_48
     _TCTL2                                      49       1       1       0   .abs_section_49
     _TCTL3                                      4A       1       1       0   .abs_section_4a
     _TCTL4                                      4B       1       1       0   .abs_section_4b
     _TIE                                        4C       1       1       0   .abs_section_4c
     _TSCR2                                      4D       1       1       0   .abs_section_4d
     _TFLG1                                      4E       1       1       0   .abs_section_4e
     _TFLG2                                      4F       1       1       0   .abs_section_4f
     _PACTL                                      60       1       1       0   .abs_section_60
     _PAFLG                                      61       1       1       0   .abs_section_61
     _MCCTL                                      66       1       1       0   .abs_section_66
     _MCFLG                                      67       1       1       0   .abs_section_67
     _ICPAR                                      68       1       1       0   .abs_section_68
     _DLYCT                                      69       1       1       0   .abs_section_69
     _ICOVW                                      6A       1       1       0   .abs_section_6a
     _ICSYS                                      6B       1       1       0   .abs_section_6b
     _PTPSR                                      6E       1       1       0   .abs_section_6e
     _PTMCPSR                                    6F       1       1       0   .abs_section_6f
     _PBCTL                                      70       1       1       0   .abs_section_70
     _PBFLG                                      71       1       1       0   .abs_section_71
     _ATD1STAT0                                  86       1       1       0   .abs_section_86
     _ATD1TEST1                                  89       1       1       0   .abs_section_89
     _ATD1STAT2                                  8A       1       1       0   .abs_section_8a
     _ATD1STAT1                                  8B       1       1       0   .abs_section_8b
     _SCI2ACR2                                   BA       1       1       0   .abs_section_ba
     _SCI2CR2                                    BB       1       1       0   .abs_section_bb
     _SCI2SR1                                    BC       1       1       0   .abs_section_bc
     _SCI2SR2                                    BD       1       1       0   .abs_section_bd
     _SCI2DRH                                    BE       1       1       0   .abs_section_be
     _SCI2DRL                                    BF       1       1       0   .abs_section_bf
     _SCI0ACR2                                   CA       1       1       0   .abs_section_ca
     _SCI0CR2                                    CB       1       1       0   .abs_section_cb
     _SCI0SR1                                    CC       1       1       0   .abs_section_cc
     _SCI0SR2                                    CD       1       1       0   .abs_section_cd
     _SCI0DRH                                    CE       1       1       0   .abs_section_ce
     _SCI0DRL                                    CF       1       1       0   .abs_section_cf
     _SCI1ACR2                                   D2       1       1       0   .abs_section_d2
     _SCI1CR2                                    D3       1       1       0   .abs_section_d3
     _SCI1SR1                                    D4       1       1       0   .abs_section_d4
     _SCI1SR2                                    D5       1       1       0   .abs_section_d5
     _SCI1DRH                                    D6       1       1       0   .abs_section_d6
     _SCI1DRL                                    D7       1       1       0   .abs_section_d7
     _SPI0CR1                                    D8       1       1       0   .abs_section_d8
     _SPI0CR2                                    D9       1       1       0   .abs_section_d9
     _SPI0BR                                     DA       1       1       0   .abs_section_da
     _SPI0SR                                     DB       1       1       0   .abs_section_db
     _SPI0DR                                     DD       1       1       0   .abs_section_dd
     _IIC0_IBAD                                  E0       1       1       0   .abs_section_e0
     _IIC0_IBFD                                  E1       1       1       0   .abs_section_e1
     _IIC0_IBCR                                  E2       1       1       0   .abs_section_e2
     _IIC0_IBSR                                  E3       1       1       0   .abs_section_e3
     _IIC0_IBDR                                  E4       1       1       0   .abs_section_e4
     _SPI1CR1                                    F0       1       1       0   .abs_section_f0
     _SPI1CR2                                    F1       1       1       0   .abs_section_f1
     _SPI1BR                                     F2       1       1       0   .abs_section_f2
     _SPI1SR                                     F3       1       1       0   .abs_section_f3
     _SPI1DR                                     F5       1       1       0   .abs_section_f5
     _SPI2CR1                                    F8       1       1       0   .abs_section_f8
     _SPI2CR2                                    F9       1       1       0   .abs_section_f9
     _SPI2BR                                     FA       1       1       0   .abs_section_fa
     _SPI2SR                                     FB       1       1       0   .abs_section_fb
     _SPI2DR                                     FD       1       1       0   .abs_section_fd
     _FCLKDIV                                   100       1       1       0   .abs_section_100
     _FSEC                                      101       1       1       0   .abs_section_101
     _FTSTMOD                                   102       1       1       0   .abs_section_102
     _FCNFG                                     103       1       1       0   .abs_section_103
     _FPROT                                     104       1       1       0   .abs_section_104
     _FSTAT                                     105       1       1       0   .abs_section_105
     _FCMD                                      106       1       1       0   .abs_section_106
     _FCTL                                      107       1       1       0   .abs_section_107
     _ECLKDIV                                   110       1       1       1   .abs_section_110
     _ECNFG                                     113       1       1       0   .abs_section_113
     _EPROT                                     114       1       1       0   .abs_section_114
     _ESTAT                                     115       1       1      24   .abs_section_115
     _ECMD                                      116       1       1       4   .abs_section_116
     _RAMWPC                                    11C       1       1       0   .abs_section_11c
     _RAMXGU                                    11D       1       1       0   .abs_section_11d
     _RAMSHL                                    11E       1       1       0   .abs_section_11e
     _RAMSHU                                    11F       1       1       0   .abs_section_11f
     _IVBR                                      121       1       1       0   .abs_section_121
     _INT_XGPRIO                                126       1       1       0   .abs_section_126
     _INT_CFADDR                                127       1       1       0   .abs_section_127
     _INT_CFDATA0                               128       1       1       0   .abs_section_128
     _INT_CFDATA1                               129       1       1       0   .abs_section_129
     _INT_CFDATA2                               12A       1       1       0   .abs_section_12a
     _INT_CFDATA3                               12B       1       1       0   .abs_section_12b
     _INT_CFDATA4                               12C       1       1       0   .abs_section_12c
     _INT_CFDATA5                               12D       1       1       0   .abs_section_12d
     _INT_CFDATA6                               12E       1       1       0   .abs_section_12e
     _INT_CFDATA7                               12F       1       1       0   .abs_section_12f
     _SCI4ACR2                                  132       1       1       0   .abs_section_132
     _SCI4CR2                                   133       1       1       0   .abs_section_133
     _SCI4SR1                                   134       1       1       0   .abs_section_134
     _SCI4SR2                                   135       1       1       0   .abs_section_135
     _SCI4DRH                                   136       1       1       0   .abs_section_136
     _SCI4DRL                                   137       1       1       0   .abs_section_137
     _CAN0CTL0                                  140       1       1       0   .abs_section_140
     _CAN0CTL1                                  141       1       1       0   .abs_section_141
     _CAN0BTR0                                  142       1       1       0   .abs_section_142
     _CAN0BTR1                                  143       1       1       0   .abs_section_143
     _CAN0RFLG                                  144       1       1       0   .abs_section_144
     _CAN0RIER                                  145       1       1       0   .abs_section_145
     _CAN0TFLG                                  146       1       1       0   .abs_section_146
     _CAN0TIER                                  147       1       1       0   .abs_section_147
     _CAN0TARQ                                  148       1       1       0   .abs_section_148
     _CAN0TAAK                                  149       1       1       0   .abs_section_149
     _CAN0TBSEL                                 14A       1       1       0   .abs_section_14a
     _CAN0IDAC                                  14B       1       1       0   .abs_section_14b
     _CAN0MISC                                  14D       1       1       0   .abs_section_14d
     _CAN0RXERR                                 14E       1       1       0   .abs_section_14e
     _CAN0TXERR                                 14F       1       1       0   .abs_section_14f
     _CAN0IDAR0                                 150       1       1       0   .abs_section_150
     _CAN0IDAR1                                 151       1       1       0   .abs_section_151
     _CAN0IDAR2                                 152       1       1       0   .abs_section_152
     _CAN0IDAR3                                 153       1       1       0   .abs_section_153
     _CAN0IDMR0                                 154       1       1       0   .abs_section_154
     _CAN0IDMR1                                 155       1       1       0   .abs_section_155
     _CAN0IDMR2                                 156       1       1       0   .abs_section_156
     _CAN0IDMR3                                 157       1       1       0   .abs_section_157
     _CAN0IDAR4                                 158       1       1       0   .abs_section_158
     _CAN0IDAR5                                 159       1       1       0   .abs_section_159
     _CAN0IDAR6                                 15A       1       1       0   .abs_section_15a
     _CAN0IDAR7                                 15B       1       1       0   .abs_section_15b
     _CAN0IDMR4                                 15C       1       1       0   .abs_section_15c
     _CAN0IDMR5                                 15D       1       1       0   .abs_section_15d
     _CAN0IDMR6                                 15E       1       1       0   .abs_section_15e
     _CAN0IDMR7                                 15F       1       1       0   .abs_section_15f
     _CAN0RXIDR0                                160       1       1       0   .abs_section_160
     _CAN0RXIDR1                                161       1       1       0   .abs_section_161
     _CAN0RXIDR2                                162       1       1       0   .abs_section_162
     _CAN0RXIDR3                                163       1       1       0   .abs_section_163
     _CAN0RXDSR0                                164       1       1       0   .abs_section_164
     _CAN0RXDSR1                                165       1       1       0   .abs_section_165
     _CAN0RXDSR2                                166       1       1       0   .abs_section_166
     _CAN0RXDSR3                                167       1       1       0   .abs_section_167
     _CAN0RXDSR4                                168       1       1       0   .abs_section_168
     _CAN0RXDSR5                                169       1       1       0   .abs_section_169
     _CAN0RXDSR6                                16A       1       1       0   .abs_section_16a
     _CAN0RXDSR7                                16B       1       1       0   .abs_section_16b
     _CAN0RXDLR                                 16C       1       1       0   .abs_section_16c
     _CAN0TXIDR0                                170       1       1       0   .abs_section_170
     _CAN0TXIDR1                                171       1       1       0   .abs_section_171
     _CAN0TXIDR2                                172       1       1       0   .abs_section_172
     _CAN0TXIDR3                                173       1       1       0   .abs_section_173
     _CAN0TXDSR0                                174       1       1       0   .abs_section_174
     _CAN0TXDSR1                                175       1       1       0   .abs_section_175
     _CAN0TXDSR2                                176       1       1       0   .abs_section_176
     _CAN0TXDSR3                                177       1       1       0   .abs_section_177
     _CAN0TXDSR4                                178       1       1       0   .abs_section_178
     _CAN0TXDSR5                                179       1       1       0   .abs_section_179
     _CAN0TXDSR6                                17A       1       1       0   .abs_section_17a
     _CAN0TXDSR7                                17B       1       1       0   .abs_section_17b
     _CAN0TXDLR                                 17C       1       1       0   .abs_section_17c
     _CAN0TXTBPR                                17D       1       1       0   .abs_section_17d
     _PTT                                       240       1       1      21   .abs_section_240
     _PTIT                                      241       1       1       0   .abs_section_241
     _DDRT                                      242       1       1       1   .abs_section_242
     _RDRT                                      243       1       1       0   .abs_section_243
     _PERT                                      244       1       1       0   .abs_section_244
     _PPST                                      245       1       1       0   .abs_section_245
     _PTS                                       248       1       1       0   .abs_section_248
     _PTIS                                      249       1       1       0   .abs_section_249
     _DDRS                                      24A       1       1       0   .abs_section_24a
     _RDRS                                      24B       1       1       0   .abs_section_24b
     _PERS                                      24C       1       1       0   .abs_section_24c
     _PPSS                                      24D       1       1       0   .abs_section_24d
     _WOMS                                      24E       1       1       0   .abs_section_24e
     _PTM                                       250       1       1       0   .abs_section_250
     _PTIM                                      251       1       1       0   .abs_section_251
     _DDRM                                      252       1       1       0   .abs_section_252
     _RDRM                                      253       1       1       0   .abs_section_253
     _PERM                                      254       1       1       0   .abs_section_254
     _PPSM                                      255       1       1       0   .abs_section_255
     _WOMM                                      256       1       1       0   .abs_section_256
     _MODRR                                     257       1       1       0   .abs_section_257
     _PTP                                       258       1       1       2   .abs_section_258
     _PTIP                                      259       1       1       0   .abs_section_259
     _DDRP                                      25A       1       1       4   .abs_section_25a
     _RDRP                                      25B       1       1       0   .abs_section_25b
     _PERP                                      25C       1       1       2   .abs_section_25c
     _PPSP                                      25D       1       1       0   .abs_section_25d
     _PIEP                                      25E       1       1       1   .abs_section_25e
     _PIFP                                      25F       1       1       5   .abs_section_25f
     _PTH                                       260       1       1       0   .abs_section_260
     _PTIH                                      261       1       1       0   .abs_section_261
     _DDRH                                      262       1       1       0   .abs_section_262
     _RDRH                                      263       1       1       0   .abs_section_263
     _PERH                                      264       1       1       0   .abs_section_264
     _PPSH                                      265       1       1       0   .abs_section_265
     _PIEH                                      266       1       1       0   .abs_section_266
     _PIFH                                      267       1       1       0   .abs_section_267
     _PTJ                                       268       1       1       0   .abs_section_268
     _PTIJ                                      269       1       1       0   .abs_section_269
     _DDRJ                                      26A       1       1       0   .abs_section_26a
     _RDRJ                                      26B       1       1       0   .abs_section_26b
     _PERJ                                      26C       1       1       0   .abs_section_26c
     _PPSJ                                      26D       1       1       0   .abs_section_26d
     _PIEJ                                      26E       1       1       0   .abs_section_26e
     _PIFJ                                      26F       1       1       0   .abs_section_26f
     _PT1AD0                                    271       1       1       0   .abs_section_271
     _DDR1AD0                                   273       1       1       0   .abs_section_273
     _RDR1AD0                                   275       1       1       0   .abs_section_275
     _PER1AD0                                   277       1       1       0   .abs_section_277
     _ATD0STAT0                                 2C6       1       1       0   .abs_section_2c6
     _ATD0TEST1                                 2C9       1       1       0   .abs_section_2c9
     _ATD0STAT1                                 2CB       1       1       0   .abs_section_2cb
     _ATD0DIEN                                  2CD       1       1       0   .abs_section_2cd
     _ATD0PTAD0                                 2CF       1       1       0   .abs_section_2cf
     _VREGCTRL                                  2F1       1       1       0   .abs_section_2f1
     _VREGAPICL                                 2F2       1       1       0   .abs_section_2f2
     _VREGAPITR                                 2F3       1       1       0   .abs_section_2f3
     _PWME                                      300       1       1       6   .abs_section_300
     _PWMPOL                                    301       1       1       4   .abs_section_301
     _PWMCLK                                    302       1       1       4   .abs_section_302
     _PWMPRCLK                                  303       1       1       2   .abs_section_303
     _PWMCAE                                    304       1       1       0   .abs_section_304
     _PWMCTL                                    305       1       1       1   .abs_section_305
     _PWMSCLA                                   308       1       1       2   .abs_section_308
     _PWMSCLB                                   309       1       1       2   .abs_section_309
     _PWMSDN                                    324       1       1       0   .abs_section_324
     _PITCFLMT                                  340       1       1       0   .abs_section_340
     _PITFLT                                    341       1       1       0   .abs_section_341
     _PITCE                                     342       1       1       0   .abs_section_342
     _PITMUX                                    343       1       1       0   .abs_section_343
     _PITINTE                                   344       1       1       0   .abs_section_344
     _PITTF                                     345       1       1       0   .abs_section_345
     _PITMTLD0                                  346       1       1       0   .abs_section_346
     _PITMTLD1                                  347       1       1       0   .abs_section_347
     _XGCHID                                    382       1       1       0   .abs_section_382
     _XGCCR                                     39D       1       1       0   .abs_section_39d
     _PORTAB                                      0       2       2       0   .abs_section_0
     _DDRAB                                       2       2       2       0   .abs_section_2
     _PORTCD                                      4       2       2       0   .abs_section_4
     _DDRCD                                       6       2       2       0   .abs_section_6
     _PARTID                                     1A       2       2       0   .abs_section_1a
     _DBGTB                                      24       2       2       0   .abs_section_24
     _TCNT                                       44       2       2       0   .abs_section_44
     _TC0                                        50       2       2       0   .abs_section_50
     _TC1                                        52       2       2       0   .abs_section_52
     _TC2                                        54       2       2       0   .abs_section_54
     _TC3                                        56       2       2       0   .abs_section_56
     _TC4                                        58       2       2       0   .abs_section_58
     _TC5                                        5A       2       2       0   .abs_section_5a
     _TC6                                        5C       2       2       0   .abs_section_5c
     _TC7                                        5E       2       2       0   .abs_section_5e
     _PACN32                                     62       2       2       0   .abs_section_62
     _PACN10                                     64       2       2       0   .abs_section_64
     _PA32H                                      72       2       2       0   .abs_section_72
     _PA10H                                      74       2       2       0   .abs_section_74
     _MCCNT                                      76       2       2       0   .abs_section_76
     _TC0H                                       78       2       2       0   .abs_section_78
     _TC1H                                       7A       2       2       0   .abs_section_7a
     _TC2H                                       7C       2       2       0   .abs_section_7c
     _TC3H                                       7E       2       2       0   .abs_section_7e
     _ATD1CTL01                                  80       2       2       0   .abs_section_80
     _ATD1CTL23                                  82       2       2       0   .abs_section_82
     _ATD1CTL45                                  84       2       2       0   .abs_section_84
     _ATD1DIEN                                   8C       2       2       0   .abs_section_8c
     _ATD1PTAD                                   8E       2       2       0   .abs_section_8e
     _ATD1DR0                                    90       2       2       0   .abs_section_90
     _ATD1DR1                                    92       2       2       0   .abs_section_92
     _ATD1DR2                                    94       2       2       0   .abs_section_94
     _ATD1DR3                                    96       2       2       0   .abs_section_96
     _ATD1DR4                                    98       2       2       0   .abs_section_98
     _ATD1DR5                                    9A       2       2       0   .abs_section_9a
     _ATD1DR6                                    9C       2       2       0   .abs_section_9c
     _ATD1DR7                                    9E       2       2       0   .abs_section_9e
     _ATD1DR8                                    A0       2       2       0   .abs_section_a0
     _ATD1DR9                                    A2       2       2       0   .abs_section_a2
     _ATD1DR10                                   A4       2       2       0   .abs_section_a4
     _ATD1DR11                                   A6       2       2       0   .abs_section_a6
     _ATD1DR12                                   A8       2       2       0   .abs_section_a8
     _ATD1DR13                                   AA       2       2       0   .abs_section_aa
     _ATD1DR14                                   AC       2       2       0   .abs_section_ac
     _ATD1DR15                                   AE       2       2       0   .abs_section_ae
     _SCI2BD                                     B8       2       2       0   .abs_section_b8
     _SCI0BD                                     C8       2       2       0   .abs_section_c8
     _SCI1BD                                     D0       2       2       0   .abs_section_d0
     _FADDR                                     108       2       2       0   .abs_section_108
     _FDATA                                     10A       2       2       0   .abs_section_10a
     _EADDR                                     118       2       2       0   .abs_section_118
     _EDATA                                     11A       2       2       0   .abs_section_11a
     _SCI4BD                                    130       2       2       0   .abs_section_130
     _CAN0RXTSR                                 16E       2       2       0   .abs_section_16e
     _CAN0TXTSR                                 17E       2       2       0   .abs_section_17e
     _PT01AD1                                   278       2       2       0   .abs_section_278
     _DDR01AD1                                  27A       2       2       0   .abs_section_27a
     _RDR01AD1                                  27C       2       2       0   .abs_section_27c
     _PER01AD1                                  27E       2       2       0   .abs_section_27e
     _ATD0CTL01                                 2C0       2       2       0   .abs_section_2c0
     _ATD0CTL23                                 2C2       2       2       4   .abs_section_2c2
     _ATD0CTL45                                 2C4       2       2       7   .abs_section_2c4
     _ATD0DR0                                   2D0       2       2       1   .abs_section_2d0
     _ATD0DR1                                   2D2       2       2       1   .abs_section_2d2
     _ATD0DR2                                   2D4       2       2       1   .abs_section_2d4
     _ATD0DR3                                   2D6       2       2       1   .abs_section_2d6
     _ATD0DR4                                   2D8       2       2       1   .abs_section_2d8
     _ATD0DR5                                   2DA       2       2       1   .abs_section_2da
     _ATD0DR6                                   2DC       2       2       1   .abs_section_2dc
     _ATD0DR7                                   2DE       2       2       1   .abs_section_2de
     _VREGAPIR                                  2F4       2       2       0   .abs_section_2f4
     _PWMCNT01                                  30C       2       2       0   .abs_section_30c
     _PWMCNT23                                  30E       2       2       0   .abs_section_30e
     _PWMCNT45                                  310       2       2       0   .abs_section_310
     _PWMCNT67                                  312       2       2       0   .abs_section_312
     _PWMPER01                                  314       2       2       2   .abs_section_314
     _PWMPER23                                  316       2       2       2   .abs_section_316
     _PWMPER45                                  318       2       2       0   .abs_section_318
     _PWMPER67                                  31A       2       2       0   .abs_section_31a
     _PWMDTY01                                  31C       2       2       2   .abs_section_31c
     _PWMDTY23                                  31E       2       2       4   .abs_section_31e
     _PWMDTY45                                  320       2       2       0   .abs_section_320
     _PWMDTY67                                  322       2       2       0   .abs_section_322
     _PITLD0                                    348       2       2       0   .abs_section_348
     _PITCNT0                                   34A       2       2       0   .abs_section_34a
     _PITLD1                                    34C       2       2       0   .abs_section_34c
     _PITCNT1                                   34E       2       2       0   .abs_section_34e
     _PITLD2                                    350       2       2       0   .abs_section_350
     _PITCNT2                                   352       2       2       0   .abs_section_352
     _PITLD3                                    354       2       2       0   .abs_section_354
     _PITCNT3                                   356       2       2       0   .abs_section_356
     _XGMCTL                                    380       2       2       0   .abs_section_380
     _XGVBR                                     386       2       2       0   .abs_section_386
     _XGIF_7F_70                                388       2       2       0   .abs_section_388
     _XGIF_6F_60                                38A       2       2       0   .abs_section_38a
     _XGIF_5F_50                                38C       2       2       0   .abs_section_38c
     _XGIF_4F_40                                38E       2       2       0   .abs_section_38e
     _XGIF_3F_30                                390       2       2       0   .abs_section_390
     _XGIF_2F_20                                392       2       2       0   .abs_section_392
     _XGIF_1F_10                                394       2       2       0   .abs_section_394
     _XGIF_0F_00                                396       2       2       0   .abs_section_396
     _XGSWT                                     398       2       2       0   .abs_section_398
     _XGSEM                                     39A       2       2       0   .abs_section_39a
     _XGPC                                      39E       2       2       0   .abs_section_39e
     _XGR1                                      3A2       2       2       0   .abs_section_3a2
     _XGR2                                      3A4       2       2       0   .abs_section_3a4
     _XGR3                                      3A6       2       2       0   .abs_section_3a6
     _XGR4                                      3A8       2       2       0   .abs_section_3a8
     _XGR5                                      3AA       2       2       0   .abs_section_3aa
     _XGR6                                      3AC       2       2       0   .abs_section_3ac
     _XGR7                                      3AE       2       2       0   .abs_section_3ae
MODULE:                 -- Start12.c.o --
- PROCEDURES:
     Init                                      C000      29      41       1   .init       
     _Startup                                  C029       8       8       0   .init       
- VARIABLES:
     _startupData                              C031       6       6       3   .startData  
- LABELS:
     __SEG_END_SSTACK                          2100       0       0       1               
MODULE:                 -- FADD.C.o (ansixs.lib) --
- PROCEDURES:
     F_ADDKL                                   C719      5E      94       1   RUNTIME     
     _FADD                                     C777      15      21       4   RUNTIME     
- VARIABLES:
MODULE:                 -- FCMP.C.o (ansixs.lib) --
- PROCEDURES:
     _FCMP                                     C78C      26      38       2   RUNTIME     
- VARIABLES:
MODULE:                 -- FCONV.C.o (ansixs.lib) --
- PROCEDURES:
     F_TOLONGK                                 C7B2      32      50       1   RUNTIME     
     F_FRLONGK                                 C7E4      1E      30       1   RUNTIME     
     _FSFLOAT                                  C802      12      18       3   RUNTIME     
     _FSTRUNC                                  C814      11      17       1   RUNTIME     
     _FUTRUNC                                  C825       3       3       2   RUNTIME     
- VARIABLES:
MODULE:                 -- FMUL.C.o (ansixs.lib) --
- PROCEDURES:
     F_MULKL                                   C828      57      87       1   RUNTIME     
     _FMUL                                     C87F      14      20       3   RUNTIME     
- VARIABLES:
MODULE:                 -- FREGS.C.o (ansixs.lib) --
- PROCEDURES:
     F_PULK                                    C893      15      21       3   RUNTIME     
     F_PULL                                    C8A8      15      21       2   RUNTIME     
     F_PSHK                                    C8BD      13      19       3   RUNTIME     
     F_XGKL                                    C8D0      21      33       2   RUNTIME     
     F_CLRK                                    C8F1       B      11       2   RUNTIME     
     F_MAXK                                    C8FC       9       9       1   RUNTIME     
     F_NORMK                                   C905      37      55       2   RUNTIME     
- VARIABLES:
MODULE:                 -- rtshc12.c.o (ansixs.lib) --
- PROCEDURES:
     _NEG_P                                    C93C       C      12       1   RUNTIME     
     _CASE_CHECKED_BYTE                        C948      14      20       2   RUNTIME     
     _FPCMP                                    C95C       8       8       4   RUNTIME     
- VARIABLES:
MODULE:                 -- VREGS.C.o (ansixs.lib) --
- PROCEDURES:
     L_NEGK                                    C964       7       7       2   RUNTIME     
     L_PSHK                                    C96B       8       8       1   RUNTIME     
     SL_PULK                                   C973       A      10       1   RUNTIME     
- VARIABLES:
MODULE:                 -- main.c.o --
- PROCEDURES:
     Leds_and_Switches_Init                    C043      26      38       1   .text       
     Delay                                     C069      1E      30       6   .text       
     ATD_init                                  C087      29      41       1   .text       
     compensate_value                          C0B0      7E     126       1   .text       
     sort_array                                C12E      2E      46       1   .text       
     dc_motor_init                             C15C      47      71       1   .text       
     dc_motor_stop                             C1A3      14      20       1   .text       
     servo_centre                              C1B7       A      10       1   .text       
     servo_init                                C1C1      33      51       1   .text       
     servo_set                                 C1F4      1A      26       2   .text       
     WriteWord                                 C20E      4D      77       1   .text       
     WriteSector                               C25B      84     132       1   .text       
     IEE1_SetLong                              C2DF      46      70       4   .text       
     IEE1_GetLong                              C325      3B      59       3   .text       
     IEE1_EraseEeprom                          C360      42      66       1   .text       
     IEE1_Init                                 C3A2       6       6       1   .text       
     EEPROM_read                               C3A8      3D      61       1   .text       
     EEPROM_reset                              C3E5      8D     141       1   .text       
     ISR_init                                  C472       B      11       1   .text       
     isr_default                               C47D       1       1     115   .text       
     isrVatd0                                  C47E      31      49       1   .text       
     simar                                     C4AF     12B     299       1   .text       
     main                                      C5DA     13F     319       2   .text       
- VARIABLES:
     com_ratio                                 2100      20      32       2   .data       
     w_val                                     2120       8       8       2   .data       
     b_val                                     2128       8       8       1   .data       
     selection                                 2130       1       1       5   .data       
     kp                                        2131       4       4      10   .bss        
     ki                                        2135       4       4      10   .bss        
     sen_data                                  2139       8       8       9   .bss        
     flag_sm                                   2141       1       1       2   .bss        
     _InterruptVectorTable                     FF10      EA     234       0   .abs_section_ff10
     com_data                                  2142       8       8       6   .common     

*********************************************************************************************
MODULE STATISTIC
  Name                                      Data   Code  Const
---------------------------------------------------------------------------------------------
  mc9s12xd256.c.o                            499      0      0
  Start12.c.o                                  0     49      0
  FADD.C.o (ansixs.lib)                        0    115      0
  FCMP.C.o (ansixs.lib)                        0     38      0
  FCONV.C.o (ansixs.lib)                       0    118      0
  FMUL.C.o (ansixs.lib)                        0    107      0
  FREGS.C.o (ansixs.lib)                       0    169      0
  rtshc12.c.o (ansixs.lib)                     0     40      0
  VREGS.C.o (ansixs.lib)                       0     25      0
  main.c.o                                    74   1750    234
  other                                      256     20     55

*********************************************************************************************
SECTION USE IN OBJECT-ALLOCATION SECTION
---------------------------------------------------------------------------------------------
SECTION: ".text"
  Leds_and_Switches_Init Delay ATD_init compensate_value sort_array 
  dc_motor_init dc_motor_stop servo_centre servo_init servo_set WriteWord 
  WriteSector IEE1_SetLong IEE1_GetLong IEE1_EraseEeprom IEE1_Init EEPROM_read 
  EEPROM_reset ISR_init isr_default isrVatd0 simar main 
SECTION: ".data"
  com_ratio w_val b_val selection 
SECTION: ".bss"
  kp ki sen_data flag_sm 
SECTION: ".init"
  Init _Startup 
SECTION: ".abs_section_8"
  _PORTE 
SECTION: ".abs_section_9"
  _DDRE 
SECTION: ".abs_section_a"
  _MMCCTL0 
SECTION: ".abs_section_b"
  _MODE 
SECTION: ".abs_section_c"
  _PUCR 
SECTION: ".abs_section_d"
  _RDRIV 
SECTION: ".abs_section_e"
  _EBICTL0 
SECTION: ".abs_section_f"
  _EBICTL1 
SECTION: ".abs_section_10"
  _GPAGE 
SECTION: ".abs_section_11"
  _DIRECT 
SECTION: ".abs_section_13"
  _MMCCTL1 
SECTION: ".abs_section_16"
  _RPAGE 
SECTION: ".abs_section_17"
  _EPAGE 
SECTION: ".abs_section_1c"
  _ECLKCTL 
SECTION: ".abs_section_1e"
  _IRQCR 
SECTION: ".abs_section_20"
  _DBGC1 
SECTION: ".abs_section_21"
  _DBGSR 
SECTION: ".abs_section_22"
  _DBGTCR 
SECTION: ".abs_section_23"
  _DBGC2 
SECTION: ".abs_section_26"
  _DBGCNT 
SECTION: ".abs_section_27"
  _DBGSCRX 
SECTION: ".abs_section_28"
  _DBGXCTL 
SECTION: ".abs_section_29"
  _DBGXAH 
SECTION: ".abs_section_2a"
  _DBGXAM 
SECTION: ".abs_section_2b"
  _DBGXAL 
SECTION: ".abs_section_2c"
  _DBGXDH 
SECTION: ".abs_section_2d"
  _DBGXDL 
SECTION: ".abs_section_2e"
  _DBGXDHM 
SECTION: ".abs_section_2f"
  _DBGXDLM 
SECTION: ".abs_section_30"
  _PPAGE 
SECTION: ".abs_section_32"
  _PORTK 
SECTION: ".abs_section_33"
  _DDRK 
SECTION: ".abs_section_34"
  _SYNR 
SECTION: ".abs_section_35"
  _REFDV 
SECTION: ".abs_section_37"
  _CRGFLG 
SECTION: ".abs_section_38"
  _CRGINT 
SECTION: ".abs_section_39"
  _CLKSEL 
SECTION: ".abs_section_3a"
  _PLLCTL 
SECTION: ".abs_section_3b"
  _RTICTL 
SECTION: ".abs_section_3c"
  _COPCTL 
SECTION: ".abs_section_3f"
  _ARMCOP 
[...]
     _VREGAPIR                                  2F4       2       2       0   .abs_section_2f4
     _PWME                                      300       1       1       6   .abs_section_300
     _PWMPOL                                    301       1       1       4   .abs_section_301
     _PWMCLK                                    302       1       1       4   .abs_section_302
     _PWMPRCLK                                  303       1       1       2   .abs_section_303
     _PWMCAE                                    304       1       1       0   .abs_section_304
     _PWMCTL                                    305       1       1       1   .abs_section_305
     _PWMSCLA                                   308       1       1       2   .abs_section_308
     _PWMSCLB                                   309       1       1       2   .abs_section_309
     _PWMCNT01                                  30C       2       2       0   .abs_section_30c
     _PWMCNT23                                  30E       2       2       0   .abs_section_30e
     _PWMCNT45                                  310       2       2       0   .abs_section_310
     _PWMCNT67                                  312       2       2       0   .abs_section_312
     _PWMPER01                                  314       2       2       2   .abs_section_314
     _PWMPER23                                  316       2       2       2   .abs_section_316
     _PWMPER45                                  318       2       2       0   .abs_section_318
     _PWMPER67                                  31A       2       2       0   .abs_section_31a
     _PWMDTY01                                  31C       2       2       2   .abs_section_31c
     _PWMDTY23                                  31E       2       2       4   .abs_section_31e
     _PWMDTY45                                  320       2       2       0   .abs_section_320
     _PWMDTY67                                  322       2       2       0   .abs_section_322
     _PWMSDN                                    324       1       1       0   .abs_section_324
     _PITCFLMT                                  340       1       1       0   .abs_section_340
     _PITFLT                                    341       1       1       0   .abs_section_341
     _PITCE                                     342       1       1       0   .abs_section_342
     _PITMUX                                    343       1       1       0   .abs_section_343
     _PITINTE                                   344       1       1       0   .abs_section_344
     _PITTF                                     345       1       1       0   .abs_section_345
     _PITMTLD0                                  346       1       1       0   .abs_section_346
     _PITMTLD1                                  347       1       1       0   .abs_section_347
     _PITLD0                                    348       2       2       0   .abs_section_348
     _PITCNT0                                   34A       2       2       0   .abs_section_34a
     _PITLD1                                    34C       2       2       0   .abs_section_34c
     _PITCNT1                                   34E       2       2       0   .abs_section_34e
     _PITLD2                                    350       2       2       0   .abs_section_350
     _PITCNT2                                   352       2       2       0   .abs_section_352
     _PITLD3                                    354       2       2       0   .abs_section_354
     _PITCNT3                                   356       2       2       0   .abs_section_356
     _XGMCTL                                    380       2       2       0   .abs_section_380
     _XGCHID                                    382       1       1       0   .abs_section_382
     _XGVBR                                     386       2       2       0   .abs_section_386
     _XGIF_7F_70                                388       2       2       0   .abs_section_388
     _XGIF_6F_60                                38A       2       2       0   .abs_section_38a
     _XGIF_5F_50                                38C       2       2       0   .abs_section_38c
     _XGIF_4F_40                                38E       2       2       0   .abs_section_38e
     _XGIF_3F_30                                390       2       2       0   .abs_section_390
     _XGIF_2F_20                                392       2       2       0   .abs_section_392
     _XGIF_1F_10                                394       2       2       0   .abs_section_394
     _XGIF_0F_00                                396       2       2       0   .abs_section_396
     _XGSWT                                     398       2       2       0   .abs_section_398
     _XGSEM                                     39A       2       2       0   .abs_section_39a
     _XGCCR                                     39D       1       1       0   .abs_section_39d
     _XGPC                                      39E       2       2       0   .abs_section_39e
     _XGR1                                      3A2       2       2       0   .abs_section_3a2
     _XGR2                                      3A4       2       2       0   .abs_section_3a4
     _XGR3                                      3A6       2       2       0   .abs_section_3a6
     _XGR4                                      3A8       2       2       0   .abs_section_3a8
     _XGR5                                      3AA       2       2       0   .abs_section_3aa
     _XGR6                                      3AC       2       2       0   .abs_section_3ac
     _XGR7                                      3AE       2       2       0   .abs_section_3ae
     com_ratio                                 2100      20      32       2   .data       
     w_val                                     2120       8       8       2   .data       
     b_val                                     2128       8       8       1   .data       
     selection                                 2130       1       1       5   .data       
     kp                                        2131       4       4      10   .bss        
     ki                                        2135       4       4      10   .bss        
     sen_data                                  2139       8       8       9   .bss        
     flag_sm                                   2141       1       1       2   .bss        
     com_data                                  2142       8       8       6   .common     
     Init                                      C000      29      41       1   .init       
     _Startup                                  C029       8       8       0   .init       
     Leds_and_Switches_Init                    C043      26      38       1   .text       
     Delay                                     C069      1E      30       6   .text       
     ATD_init                                  C087      29      41       1   .text       
     compensate_value                          C0B0      7E     126       1   .text       
     sort_array                                C12E      2E      46       1   .text       
     dc_motor_init                             C15C      47      71       1   .text       
     dc_motor_stop                             C1A3      14      20       1   .text       
     servo_centre                              C1B7       A      10       1   .text       
     servo_init                                C1C1      33      51       1   .text       
     servo_set                                 C1F4      1A      26       2   .text       
     WriteWord                                 C20E      4D      77       1   .text       
     WriteSector                               C25B      84     132       1   .text       
     IEE1_SetLong                              C2DF      46      70       4   .text       
     IEE1_GetLong                              C325      3B      59       3   .text       
     IEE1_EraseEeprom                          C360      42      66       1   .text       
     IEE1_Init                                 C3A2       6       6       1   .text       
     EEPROM_read                               C3A8      3D      61       1   .text       
     EEPROM_reset                              C3E5      8D     141       1   .text       
     ISR_init                                  C472       B      11       1   .text       
     isr_default                               C47D       1       1     115   .text       
     isrVatd0                                  C47E      31      49       1   .text       
     simar                                     C4AF     12B     299       1   .text       
     main                                      C5DA     13F     319       2   .text       
     F_ADDKL                                   C719      5E      94       1   RUNTIME     
     _FADD                                     C777      15      21       4   RUNTIME     
     _FCMP                                     C78C      26      38       2   RUNTIME     
     F_TOLONGK                                 C7B2      32      50       1   RUNTIME     
     F_FRLONGK                                 C7E4      1E      30       1   RUNTIME     
     _FSFLOAT                                  C802      12      18       3   RUNTIME     
     _FSTRUNC                                  C814      11      17       1   RUNTIME     
     _FUTRUNC                                  C825       3       3       2   RUNTIME     
     F_MULKL                                   C828      57      87       1   RUNTIME     
     _FMUL                                     C87F      14      20       3   RUNTIME     
     F_PULK                                    C893      15      21       3   RUNTIME     
     F_PULL                                    C8A8      15      21       2   RUNTIME     
     F_PSHK                                    C8BD      13      19       3   RUNTIME     
     F_XGKL                                    C8D0      21      33       2   RUNTIME     
     F_CLRK                                    C8F1       B      11       2   RUNTIME     
     F_MAXK                                    C8FC       9       9       1   RUNTIME     
     F_NORMK                                   C905      37      55       2   RUNTIME     
     _NEG_P                                    C93C       C      12       1   RUNTIME     
     _CASE_CHECKED_BYTE                        C948      14      20       2   RUNTIME     
     _FPCMP                                    C95C       8       8       4   RUNTIME     
     L_NEGK                                    C964       7       7       2   RUNTIME     
     L_PSHK                                    C96B       8       8       1   RUNTIME     
     SL_PULK                                   C973       A      10       1   RUNTIME     
     _InterruptVectorTable                     FF10      EA     234       0   .abs_section_ff10

*********************************************************************************************
UNUSED-OBJECTS SECTION
---------------------------------------------------------------------------------------------
NOT USED PROCEDURES
FADD.C.o (ansixs.lib):
  _FSUB _FINC _FDEC _FNEG _FABS 
FCONV.C.o (ansixs.lib):
  _FUFLOAT 
FMUL.C.o (ansixs.lib):
  F_DIVKL _FDIV 
FREGS.C.o (ansixs.lib):
  F_STAL F_TLK F_TKL F_CLRL 
rtshc12.c.o (ansixs.lib):
  _BSHL _BSHRS _BSHRU _BDIVMODU _BDIVMODS _ISHL _ISHRU _ISHRS _LSHL _LSHRU 
  _LSHRS _LADD _LSUB _LAND _LOR _LXOR _LCMP _LCMP_P _LCMP_PP _LNEG _LCOM _LINC 
  _LDEC _LMUL _LMULU16x32 _LMULS16x32 _lDivMod _LDIVU _LDIVS _LMODU _LMODS 
  _ILSEXT _COPY _CASE_DIRECT _CASE_DIRECT_BYTE _CASE_CHECKED _CASE_SEARCH 
  _CASE_SEARCH_BYTE _CASE_SEARCH_8 _CASE_SEARCH_8_BYTE _FCALL _PADD _PSUB _PINC 
  _PDEC 
VREGS.C.o (ansixs.lib):
  UL_PULK 
main.c.o:
  dc_motor_speed uart0_9600_init uart0_tx_int uart0_tx_number uart0_tx_string 
  uart0_tx_newline uart0_rx uart0_tx servo_left servo_right EEPROM_masserase 
  testmode 
NOT USED VARIABLES
rtshc12.c.o (ansixs.lib):
  _PowOfTwo_8 _PowOfTwo_16 _PowOfTwo_32 errno 
main.c.o:
  STRING.THE.COMPENSATED.READ.1 STRING.....2 STRING.....3 STRING.....4 
  STRING.....5 STRING.....6 STRING.....7 STRING.....8 
  STRING.........THE.READINGS.9 STRING.....10 STRING.....11 STRING.....12 
  STRING.....13 STRING.....14 STRING.....15 STRING.....16 
  STRING.PRESS.ANY.KEY......17 

*********************************************************************************************
COPYDOWN SECTION
---------------------------------------------------------------------------------------------
------- ROM-ADDRESS: 0xC97D ---- SIZE       4 ---
Filling bytes inserted
 00312100
------- ROM-ADDRESS: 0xC981 ---- RAM-ADDRESS: 0x2100 ---- SIZE      28 ---
Name of initialized Object : com_ratio
 3FE0701140 0420C54019 1F0C40164F
 76401A9100 40064A8C3F FE0419
------- ROM-ADDRESS: 0xC99D ---- SIZE       4 ---
Filling bytes inserted
 00000000
------- ROM-ADDRESS: 0xC9A1 ---- RAM-ADDRESS: 0x2120 ---- SIZE       8 ---
Name of initialized Object : w_val
 0B0A0A0A0A 0A0A97
------- ROM-ADDRESS: 0xC9A9 ---- RAM-ADDRESS: 0x2128 ---- SIZE       8 ---
Name of initialized Object : b_val
 9D86757774 848BC6
------- ROM-ADDRESS: 0xC9B1 ---- RAM-ADDRESS: 0x2130 ---- SIZE       1 ---
Name of initialized Object : selection
 FF
------- ROM-ADDRESS: 0xC9B2 ---- SIZE       2 ---
Filling bytes inserted
 0000

*********************************************************************************************
OBJECT-DEPENDENCIES SECTION
---------------------------------------------------------------------------------------------
Init                      USES _startupData 
_Startup                  USES __SEG_END_SSTACK Init main 
Leds_and_Switches_Init    USES _DDRT _DDRP _PERP _PTT 
ATD_init                  USES _ATD0CTL23 _ATD0CTL45 
compensate_value          USES w_val b_val _FSFLOAT com_ratio _FMUL _FADD 
                                _FUTRUNC 
dc_motor_init             USES _DDRE _DDRP _PORTE _PWMPOL _PWMCLK _PWMPRCLK 
                                _PWMSCLA _PWMSCLB _PWMPER01 _PWMDTY01 _PWME 
dc_motor_stop             USES _PORTE _PTP _PWME 
servo_centre              USES _PWMDTY23 
servo_init                USES _PWMCTL _PWME _PWMPOL _PWMCLK _PWMPRCLK 
                                _PWMSCLA _PWMSCLB _PWMPER23 servo_centre 
servo_set                 USES _PWMDTY23 
WriteWord                 USES _ESTAT _ECMD 
WriteSector               USES _ESTAT _ECMD WriteWord 
IEE1_SetLong              USES _FPCMP _ESTAT WriteSector 
IEE1_GetLong              USES _FPCMP _ESTAT 
IEE1_EraseEeprom          USES _ESTAT _ECMD 
IEE1_Init                 USES _ECLKDIV 
EEPROM_read               USES IEE1_GetLong kp ki 
EEPROM_reset              USES IEE1_EraseEeprom Delay IEE1_SetLong _PTT 
                                IEE1_GetLong 
ISR_init                  USES _IRQCR _PIEP 
isrVatd0                  USES _ATD0DR0 sen_data _ATD0DR1 _ATD0DR2 _ATD0DR3 
                                _ATD0DR4 _ATD0DR5 _ATD0DR6 _ATD0DR7 
simar                     USES flag_sm selection _CASE_CHECKED_BYTE _PIFP ki 
                                _FADD IEE1_SetLong _PTT Delay kp EEPROM_reset 
main                      USES Leds_and_Switches_Init IEE1_Init EEPROM_read 
                                ISR_init ATD_init dc_motor_init servo_init sen_data 
                                com_data compensate_value _ATD0CTL45 sort_array 
                                dc_motor_stop servo_set _FSFLOAT kp _FMUL ki _FADD _FCMP 
                                _FUTRUNC main 
F_ADDKL                   USES F_XGKL F_NORMK 
_FADD                     USES F_PULK F_PULL F_ADDKL F_PSHK 
_FSFLOAT                  USES SL_PULK F_FRLONGK F_PSHK 
_FSTRUNC                  USES F_PULK F_TOLONGK L_PSHK 
_FUTRUNC                  USES _FSTRUNC 
F_MULKL                   USES F_CLRK F_NORMK 
_FMUL                     USES F_PULK F_PULL F_MULKL F_PSHK 
F_MAXK                    USES F_CLRK 
F_NORMK                   USES F_MAXK 
L_NEGK                    USES _NEG_P 
L_PSHK                    USES L_NEGK 
SL_PULK                   USES L_NEGK 
_InterruptVectorTable     USES isr_default simar isrVatd0 

*********************************************************************************************
DEPENDENCY TREE
*********************************************************************************************
 main and _Startup Group
 | 
 +- main                
 |  | 
 |  +- Leds_and_Switches_Init
 |  |    
 |  +- IEE1_Init           
 |  |    
 |  +- EEPROM_read         
 |  |  | 
 |  |  +- IEE1_GetLong        
 |  |     | 
 |  |     +- _FPCMP              
 |  |          
 |  +- ISR_init            
 |  |    
 |  +- ATD_init            
 |  |    
 |  +- dc_motor_init       
 |  |    
 |  +- servo_init          
 |  |  | 
 |  |  +- servo_centre        
 |  |       
 |  +- compensate_value    
 |  |  | 
 |  |  +- _FSFLOAT            
 |  |  |  | 
 |  |  |  +- SL_PULK             
 |  |  |  |  | 
 |  |  |  |  +- L_NEGK              
 |  |  |  |     | 
 |  |  |  |     +- _NEG_P              
 |  |  |  |          
 |  |  |  +- F_FRLONGK           
 |  |  |  |    
 |  |  |  +- F_PSHK              
 |  |  |       
 |  |  +- _FMUL               
 |  |  |  | 
 |  |  |  +- F_PULK              
 |  |  |  |    
 |  |  |  +- F_PULL              
 |  |  |  |    
 |  |  |  +- F_MULKL             
 |  |  |  |  | 
 |  |  |  |  +- F_CLRK              
 |  |  |  |  |    
 |  |  |  |  +- F_NORMK             
 |  |  |  |     | 
 |  |  |  |     +- F_MAXK              
 |  |  |  |        | 
 |  |  |  |        +- F_CLRK               (see above)
 |  |  |  |           
 |  |  |  +- F_PSHK               (see above)
 |  |  |     
 |  |  +- _FADD               
 |  |  |  | 
 |  |  |  +- F_PULK               (see above)
 |  |  |  |  
 |  |  |  +- F_PULL               (see above)
 |  |  |  |  
 |  |  |  +- F_ADDKL             
 |  |  |  |  | 
 |  |  |  |  +- F_XGKL              
 |  |  |  |  |    
 |  |  |  |  +- F_NORMK              (see above)
 |  |  |  |     
 |  |  |  +- F_PSHK               (see above)
 |  |  |     
 |  |  +- _FUTRUNC            
 |  |     | 
 |  |     +- _FSTRUNC            
 |  |        | 
 |  |        +- F_PULK               (see above)
 |  |        |  
 |  |        +- F_TOLONGK           
 |  |        |    
 |  |        +- L_PSHK              
 |  |           | 
 |  |           +- L_NEGK               (see above)
 |  |              
 |  +- sort_array          
 |  |    
 |  +- dc_motor_stop       
 |  |    
 |  +- servo_set           
 |  |    
 |  +- _FSFLOAT             (see above)
 |  |  
 |  +- _FMUL                (see above)
 |  |  
 |  +- _FADD                (see above)
 |  |  
 |  +- _FCMP               
 |  |    
 |  +- _FUTRUNC             (see above)
 |     
 +- _Startup            
    | 
    +- Init                
    |    
    +- main                 (see above)
       
 _InterruptVectorTable
 | 
 +- isr_default         
 |    
 +- simar               
 |  | 
 |  +- _CASE_CHECKED_BYTE  
 |  |    
 |  +- _FADD                (see above)
 |  |  
 |  +- IEE1_SetLong        
 |  |  | 
 |  |  +- _FPCMP               (see above)
 |  |  |  
 |  |  +- WriteSector         
 |  |     | 
 |  |     +- WriteWord           
 |  |          
 |  +- Delay               
 |  |    
 |  +- EEPROM_reset        
 |     | 
 |     +- IEE1_EraseEeprom    
 |     |    
 |     +- Delay                (see above)
 |     |  
 |     +- IEE1_SetLong         (see above)
 |     |  
 |     +- IEE1_GetLong         (see above)
 |        
 +- isrVatd0            
      
*********************************************************************************************
STATISTIC SECTION
---------------------------------------------------------------------------------------------

ExeFile:
--------
Number of blocks to be downloaded: 6
Total size of all blocks to be downloaded: 2720

